env: load .env
env: export EXPO_PUBLIC_API_URL
Starting project at C:\ecommerce_app
Starting Metro Bundler
warning: Bundler cache is empty, rebuilding (this may take a minute)
The following packages should be updated for best compatibility with the installed expo version:
  expo@54.0.35 - expected version: ~54.0.36
Your project may not work correctly until you install the expected versions of the packages.
Waiting on http://localhost:8081
Logs for your project will appear below.
Android .\index.ts ░░░░░░░░░░░░░░░░  0.0% (0/1)
Android .\index.ts ▓░░░░░░░░░░░░░░░ 11.1% ( 71/232)
Android .\index.ts ▓▓▓▓▓▓▓▓▓▓▓░░░░░ 70.0% (640/790)
Android .\index.ts ▓▓▓▓▓▓▓▓▓▓▓▓▓▓▓░ 96.9% (1140/1235)
Android Bundled 13026ms index.ts (1324 modules)
Android .\index.ts ░░░░░░░░░░░░░░░░  0.0% (0/1)
Android Bundled 66ms index.ts (1 module)
Android .\index.ts ░░░░░░░░░░░░░░░░  0.0% (0/1)
Android Bundled 229ms index.ts (1 module)
Android .\index.ts ░░░░░░░░░░░░░░░░  0.0% (0/1)
Android Bundled 301ms index.ts (1 module)
Android .\index.ts ░░░░░░░░░░░░░░░░  0.0% (0/1)
Android Bundled 140ms index.ts (1 module)
Android .\index.ts ░░░░░░░░░░░░░░░░  0.0% (0/1)
Android Bundled 64ms index.ts (1 module)
Android .\index.ts ░░░░░░░░░░░░░░░░  0.0% (0/1)
Android Bundled 213ms index.ts (1 module)
Android .\index.ts ░░░░░░░░░░░░░░░░  0.0% (0/1)
Android Bundled 212ms index.ts (1 module)
